proof [Key.space] that [Key.space] i've [Key.space] manage [Key.space] to [Key.space] trick [Key.space] ai [Key.ctrl_l] 